apiVersion: rbac.authorization.k8s.io/v1
kind: ClusterRoleBinding
metadata:
  labels:
    app.kubernetes.io/component: role-binding
    app.kubernetes.io/instance: redis-operator
    app.kubernetes.io/managed-by: Helm
    app.kubernetes.io/name: redis-operator
    app.kubernetes.io/part-of: redis-operator
    app.kubernetes.io/version: 0.15.1
    helm.sh/chart: redis-operator-0.15.9
  name: redis-operator
roleRef:
  apiGroup: rbac.authorization.k8s.io
  kind: ClusterRole
  name: redis-operator
subjects:
  - kind: ServiceAccount
    name: redis-operator
    namespace: syn-redis-operator
