apiVersion: v1
kind: Service
metadata:
  labels:
    app.kubernetes.io/component: webhook
    app.kubernetes.io/instance: redis-operator
    app.kubernetes.io/managed-by: Helm
    app.kubernetes.io/name: redis-operator
    app.kubernetes.io/part-of: redis-operator
    app.kubernetes.io/version: 0.15.1
    helm.sh/chart: redis-operator-0.15.9
  name: webhook-service
  namespace: syn-redis-operator
spec:
  ports:
    - port: 443
      protocol: TCP
      targetPort: 9443
  selector:
    name: redis-operator
