apiVersion: v1
kind: Namespace
metadata:
  annotations: {}
  labels:
    monitoring.syn.tools/system: 'true'
    name: syn-redis-operator
  name: syn-redis-operator
