apiVersion: v1
kind: Namespace
metadata:
  annotations: {}
  labels:
    name: app-redis
  name: app-redis
---
apiVersion: redis.redis.opstreelabs.in/v1beta2
kind: RedisReplication
metadata:
  annotations: {}
  labels:
    app.kubernetes.io/component: redis
    app.kubernetes.io/managed-by: commodore
    app.kubernetes.io/name: replication-redis
    name: replication-redis
  name: replication-redis
  namespace: app-redis
spec:
  affinity:
    podAntiAffinity:
      requiredDuringSchedulingIgnoredDuringExecution:
        - labelSelector:
            matchExpressions:
              - key: app.kubernetes.io/component
                operator: In
                values:
                  - redis
              - key: app.kubernetes.io/name
                operator: In
                values:
                  - replication-redis
          topologyKey: kubernetes.io/hostname
  clusterSize: 3
  kubernetesConfig:
    image: quay.io/opstree/redis:v7.0.12
    imagePullPolicy: IfNotPresent
    resources:
      limits:
        cpu: 100m
        memory: 128Mi
      requests:
        cpu: 100m
        memory: 128Mi
  redisExporter:
    enabled: true
    image: quay.io/opstree/redis-exporter:v1.45.0
    imagePullPolicy: IfNotPresent
    resources:
      limits:
        cpu: 100m
        memory: 128Mi
      requests:
        cpu: 100m
        memory: 128Mi
  storage:
    volumeClaimTemplate:
      spec:
        accessModes:
          - ReadWriteOnce
        resources:
          requests:
            storage: 1Gi
        storageClassName: ''
