apiVersion: v1
kind: ServiceAccount
metadata:
  labels:
    app.kubernetes.io/component: service-account
    app.kubernetes.io/instance: redis-operator
    app.kubernetes.io/managed-by: Helm
    app.kubernetes.io/name: redis-operator
    app.kubernetes.io/part-of: redis-operator
    app.kubernetes.io/version: 0.15.1
    helm.sh/chart: redis-operator-0.15.9
  name: redis-operator
  namespace: syn-redis-operator
